// Jest Snapshot v1, https://goo.gl/fbAQLP

exports[`Pruebas del componente Counter.vue Debemos hacer match con el snapshot 1`] = `
<h2>Title Counter Default</h2>
<p>Miguel</p>
<p>100 <sup>2</sup> = 10000</p>
<p>Vue js es un excelente framework</p>
<div><button class="btn btn-success mx-2">+1</button><button class="btn btn-danger">-1</button></div>
`;
